 CPU    NFS   CIFS   HTTP   Total     Net   kB/s    Disk   kB/s    Tape   kB/s   Cache  Cache    CP           CP_Ty               CP_Ph       Disk   OTHER    FCP  iSCSI     FCP   kB/s   iSCSI   kB/s   NVMeF   kB/s   kB/s   NVMeT   kB/s   kB/s
                                       in    out    read  write    read  write     age    hit  time  [T--H--F--N--B--O--#--:]  [n--v--p--f]   util                            in    out      in    out             in    out             in    out
  2%      0      0      0       7      54     52      80       0       0      0    45s   100%    0%   0--0--0--0--0--0--0--0    0--0--0--0      0%       7      0      0       0      0       0      0       0      0      0       0      0      0
  2%      0      0      0     258      24     51       0      24       0      0    45s    98%    0%   0--0--0--0--0--0--0--0    0--0--0--0      0%     258      0      0       0      0       0      0       0      0      0       0      0      0
  2%      0      0      0     981      12     12      24       0       0      0    45s   100%    0%   0--0--0--0--0--0--0--0    0--0--0--0      0%     981      0      0       0      0       0      0       0      0      0       0      0      0
  1%      0      0      0      49      33     33       0      12       0      0    45s   100%    0%   0--0--0--0--0--0--0--0    0--0--0--0      0%      49      0      0       0      0       0      0       0      0      0       0      0      0
  1%      0      0      0       6      33     30       0      24       0      0    45s     -     0%   0--0--0--0--0--0--0--0    0--0--0--0      0%       6      0      0       0      0       0      0       0      0      0       0      0      0
  1%      0      0      0       0      24     26      12       0       0      0    45s     -     0%   0--0--0--0--0--0--0--0    0--0--0--0      0%       0      0      0       0      0       0      0       0      0      0       0      0      0
  1%      0      0      0       3      30     28    1600    1428       0      0    45s   100%    4%   0--0--0--0--0--0--0--0    0--0--0--0      0%       3      0      0       0      0       0      0       0      0      0       0      0      0
  3%      0      0      0       5      10     11      32       0       0      0    45s     -     0%   0--0--0--0--0--0--0--0    0--0--0--0      0%       5      0      0       0      0       0      0       0      0      0       0      0      0
  1%      0      0      0      10      37     35      32      12       0      0    45s   100%    0%   0--0--0--0--0--0--0--0    0--0--0--0      0%      10      0      0       0      0       0      0       0      0      0       0      0      0
  1%      0      0      0       9      24     23      20      24       0      0    45s     -     0%   0--0--0--0--0--0--0--0    0--0--0--0      0%       9      0      0       0      0       0      0       0      0      0       0      0      0
  1%      0      0      0       0      23     23       0       0       0      0    45s   100%    0%   0--0--0--0--0--0--0--0    0--0--0--0      0%       0      0      0       0      0       0      0       0      0      0       0      0      0
  2%      0      0      0       0      25     23      32      24       0      0    45s   100%    0%   0--0--0--0--0--0--0--0    0--0--0--0      0%       0      0      0       0      0       0      0       0      0      0       0      0      0
  2%      0      0      0       9       8      9      12       0       0      0    45s     -     0%   0--0--0--0--0--0--0--0    0--0--0--0      0%       9      0      0       0      0       0      0       0      0      0       0      0      0
  1%      0      0      0      19      33     33       0      12       0      0    45s   100%    0%   0--0--0--0--0--0--0--0    0--0--0--0      0%      19      0      0       0      0       0      0       0      0      0       0      0      0
  1%      0      0      0       6      23     24      12      24       0      0    45s     -     0%   0--0--0--0--0--0--0--0    0--0--0--0      0%       6      0      0       0      0       0      0       0      0      0       0      0      0
  1%      0      0      0       3      20     20     232       0       0      0    45s     -     0%   0--0--0--0--0--0--0--0    0--0--0--0      0%       3      0      0       0      0       0      0       0      0      0       0      0      0
  4%      0      0      0     214      34     33    2456    1660       0      0    45s    99%    1%   0--0--0--0--0--0--0--0    0--0--0--0      0%     214      0      0       0      0       0      0       0      0      0       0      0      0
  3%     94      0      0     108      45     42      24       0       0      0    45s     -     0%   0--0--0--0--0--0--0--0    0--0--0--0      0%      14      0      0       0      0       0      0       0      0      0       0      0      0
  2%      0      0      0       3      35     33       0      12       0      0    45s     -     0%   0--0--0--0--0--0--0--0    0--0--0--0      0%       3      0      0       0      0       0      0       0      0      0       0      0      0
 CPU    NFS   CIFS   HTTP   Total     Net   kB/s    Disk   kB/s    Tape   kB/s   Cache  Cache    CP           CP_Ty               CP_Ph       Disk   OTHER    FCP  iSCSI     FCP   kB/s   iSCSI   kB/s   NVMeF   kB/s   kB/s   NVMeT   kB/s   kB/s
                                       in    out    read  write    read  write     age    hit  time  [T--H--F--N--B--O--#--:]  [n--v--p--f]   util                            in    out      in    out             in    out             in    out
  1%      2      0      0       8      24     25       0      24       0      0    45s     -     0%   0--0--0--0--0--0--0--0    0--0--0--0      0%       6      0      0       0      0       0      0       0      0      0       0      0      0
  2%      2      0      0      13      20     22      28       0       0      0    45s   100%    0%   0--0--0--0--0--0--0--0    0--0--0--0      0%      11      0      0       0      0       0      0       0      0      0       0      0      0
  3%     10      0      0      15      47     47       0      24       0      0    45s   100%    0%   0--0--0--0--0--0--0--0    0--0--0--0      0%       5      0      0       0      0       0      0       0      0      0       0      0      0
  2%     16      0      0      21      57     54      12       0       0      0    45s     -     0%   0--0--0--0--0--0--0--0    0--0--0--0      0%       5      0      0       0      0       0      0       0      0      0       0      0      0
  2%     22      0      0      36      73     73      12      12       0      0    45s   100%    0%   0--0--0--0--0--0--0--0    0--0--0--0      0%      14      0      0       0      0       0      0       0      0      0       0      0      0
  1%     21      0      0      30      49     47       0      24       0      0    45s     -     0%   0--0--0--0--0--0--0--0    0--0--0--0      0%       9      0      0       0      0       0      0       0      0      0       0      0      0
  1%     35      0      0      35      25     26       0       0       0      0    45s     -     0%   0--0--0--0--0--0--0--0    0--0--0--0      0%       0      0      0       0      0       0      0       0      0      0       0      0      0
  5%     33      0      0     762      82    110    3548    2564       0      0    45s    99%    1%   0--0--0--0--0--0--0--0    0--0--0--0      0%     729      0      0       0      0       0      0       0      0      0       0      0      0
  3%     30      0      0      67      54     55     128       0       0      0    45s    98%    0%   0--0--0--0--0--0--0--0    0--0--0--0      0%      37      0      0       0      0       0      0       0      0      0       0      0      0
  3%     65      0      0      68      98     90       0      12       0      0    45s   100%    0%   0--0--0--0--0--0--0--0    0--0--0--0      0%       3      0      0       0      0       0      0       0      0      0       0      0      0
  2%     20      0      0      26      43     38      12      24       0      0    45s     -     0%   0--0--0--0--0--0--0--0    0--0--0--0      0%       6      0      0       0      0       0      0       0      0      0       0      0      0
  2%      0      0      0       5      39     25       0       0       0      0    45s   100%    0%   0--0--0--0--0--0--0--0    0--0--0--0      0%       5      0      0       0      0       0      0       0      0      0       0      0      0
 25%  91038      0      0   91481   18405 287700  515584      24       0      0    45s    74%    0%   0--0--0--0--0--0--0--0    0--0--0--0      6%     443      0      0       0      0       0      0       0      0      0       0      0      0
 47% 233715      0      0  233722   60773 981958  1320060       0       0      0    45s    74%    0%   0--0--0--0--0--0--0--0    0--0--0--0     10%       7      0      0       0      0       0      0       0      0      0       0      0      0
 54% 273976      0      0  273995   68159 1135736  1538849      12       0      0    45s    74%    0%   0--0--0--0--0--0--0--0    0--0--0--0      8%      19      0      0       0      0       0      0       0      0      0       0      0      0
 60% 325916      0      0  325923   81758 1383195  1831684      24       0      0    45s    74%    0%   0--0--0--0--0--0--0--0    0--0--0--0     10%       7      0      0       0      0       0      0       0      0      0       0      0      0
 62% 328138      0      0  328138   82484 1403475  1840204       0       0      0    45s    74%    0%   0--0--0--0--0--0--0--0    0--0--0--0     10%       0      0      0       0      0       0      0       0      0      0       0      0      0
 61% 321052      0      0  321056   79792 1363724  1802186    1814       0      0    45s    74%    3%   0--0--0--0--0--0--0--0    0--0--0--0      9%       4      0      0       0      0       0      0       0      0      0       0      0      0
 63% 348790      0      0  348794   84644 1455293  1951868       0       0      0    45s    74%    0%   0--0--0--0--0--0--0--0    0--0--0--0     10%       4      0      0       0      0       0      0       0      0      0       0      0      0
 71% 409048      0      0  409048  101264 1744626  2282046      12       0      0     2     74%    0%   0--0--0--0--0--0--0--0    0--0--0--0     12%       0      0      0       0      0       0      0       0      0      0       0      0      0
 CPU    NFS   CIFS   HTTP   Total     Net   kB/s    Disk   kB/s    Tape   kB/s   Cache  Cache    CP           CP_Ty               CP_Ph       Disk   OTHER    FCP  iSCSI     FCP   kB/s   iSCSI   kB/s   NVMeF   kB/s   kB/s   NVMeT   kB/s   kB/s
                                       in    out    read  write    read  write     age    hit  time  [T--H--F--N--B--O--#--:]  [n--v--p--f]   util                            in    out      in    out             in    out             in    out
 80% 456349      0      0  456375  109600 1895238  2552260      24       0      0     2     74%    0%   0--0--0--0--0--0--0--0    0--0--0--0     15%      26      0      0       0      0       0      0       0      0      0       0      0      0
 81% 461352      0      0  461352  114216 1986678  2584731       0       0      0     2     74%    0%   0--0--0--0--0--0--0--0    0--0--0--0     15%       0      0      0       0      0       0      0       0      0      0       0      0      0
 78% 481496      0      0  481496  115906 2029366  2714777    7676       0      0     2     74%    6%   0--0--0--0--0--0--0--0    0--0--0--0     17%       0      0      0       0      0       0      0       0      0      0       0      0      0
 81% 504650      0      0  504660  122505 2151811  2845517       0       0      0     2     74%    0%   0--0--0--0--0--0--0--0    0--0--0--0     17%      10      0      0       0      0       0      0       0      0      0       0      0      0
 78% 481613      0      0  481633  117614 2064680  2700484      12       0      0     2     74%    0%   0--0--0--0--0--0--0--0    0--0--0--0     16%      20      0      0       0      0       0      0       0      0      0       0      0      0
 79% 488537      0      0  488544  119125 2088373  2731189      24       0      0     2     74%    0%   0--0--0--0--0--0--0--0    0--0--0--0     16%       7      0      0       0      0       0      0       0      0      0       0      0      0
 79% 489591      0      0  489598  120693 2115932  2736747       0       0      0     2     74%    0%   0--0--0--0--0--0--0--0    0--0--0--0     16%       7      0      0       0      0       0      0       0      0      0       0      0      0
 83% 486671      0      0  486886  117904 2070357  2729562    2346       0      0     2     74%    7%   0--0--0--0--0--0--0--0    0--0--0--0     17%     215      0      0       0      0       0      0       0      0      0       0      0      0
 80% 464916      0      0  464929  113347 1986998  2618230       0       0      0     2     74%    0%   0--0--0--0--0--0--0--0    0--0--0--0     16%      13      0      0       0      0       0      0       0      0      0       0      0      0
 80% 498579      0      0  498583  120435 2106327  2811741      12       0      0     2     74%    0%   0--0--0--0--0--0--0--0    0--0--0--0     16%       4      0      0       0      0       0      0       0      0      0       0      0      0
 79% 481239      0      0  481245  118937 2080892  2704592      24       0      0     2     74%    0%   0--0--0--0--0--0--0--0    0--0--0--0     16%       6      0      0       0      0       0      0       0      0      0       0      0      0
 75% 455398      0      0  455400  117920 2063150  2554290       0       0      0     2     74%    0%   0--0--0--0--0--0--0--0    0--0--0--0     15%       2      0      0       0      0       0      0       0      0      0       0      0      0
 79% 498333      0      0  498336  114378 1993274  2788296    7692       0      0     2     74%    5%   0--0--0--0--0--0--0--0    0--0--0--0     16%       3      0      0       0      0       0      0       0      0      0       0      0      0
 78% 477842      0      0  477848  116941 2045421  2671333       0       0      0     2     74%    0%   0--0--0--0--0--0--0--0    0--0--0--0     16%       6      0      0       0      0       0      0       0      0      0       0      0      0
 86% 525072      0      0  525088  126571 2233591  2935105      12       0      0     2     74%    0%   0--0--0--0--0--0--0--0    0--0--0--0     19%      16      0      0       0      0       0      0       0      0      0       0      0      0
 81% 477368      0      0  477377  117863 2076892  2688591      24       0      0     2     74%    0%   0--0--0--0--0--0--0--0    0--0--0--0     16%       9      0      0       0      0       0      0       0      0      0       0      0      0
 69% 384393      0      0  384393   97483 1688658  2163181       0       0      0     2     74%    0%   0--0--0--0--0--0--0--0    0--0--0--0     12%       0      0      0       0      0       0      0       0      0      0       0      0      0
 74% 436930      0      0  436955  105842 1809514  2454495     267       0      0     2     74%    3%   1--0--0--0--0--0--0--0    0--0--1--0     15%      25      0      0       0      0       0      0       0      0      0       0      0      0
 77% 468120      0      0  468130  114585 1991622  2623704    1990       0      0     2     74%    2%   0--0--0--0--0--0--0--0    0--0--0--0     15%      10      0      0       0      0       0      0       0      0      0       0      0      0
 77% 479016      0      0  479018  119264 2078747  2665168      12       0      0     2     74%    0%   0--0--0--0--0--0--0--0    0--0--0--0     16%       2      0      0       0      0       0      0       0      0      0       0      0      0
 CPU    NFS   CIFS   HTTP   Total     Net   kB/s    Disk   kB/s    Tape   kB/s   Cache  Cache    CP           CP_Ty               CP_Ph       Disk   OTHER    FCP  iSCSI     FCP   kB/s   iSCSI   kB/s   NVMeF   kB/s   kB/s   NVMeT   kB/s   kB/s
                                       in    out    read  write    read  write     age    hit  time  [T--H--F--N--B--O--#--:]  [n--v--p--f]   util                            in    out      in    out             in    out             in    out
 85% 497290      0      0  497301  121892 2146940  2780200      24       0      0     2     74%    0%   0--0--0--0--0--0--0--0    0--0--0--0     18%      11      0      0       0      0       0      0       0      0      0       0      0      0
 79% 447425      0      0  447456  106556 1866485  2508028       0       0      0     2     74%    0%   0--0--0--0--0--0--0--0    0--0--0--0     16%      31      0      0       0      0       0      0       0      0      0       0      0      0
 82% 499074      0      0  499306  121475 2128339  2816607    7469       0      0     2     74%    6%   0--0--0--0--0--0--0--0    0--0--0--0     18%     232      0      0       0      0       0      0       0      0      0       0      0      0
 78% 483192      0      0  484082  117616 2061251  2719480       0       0      0     2     74%    0%   0--0--0--0--0--0--0--0    0--0--0--0     16%     890      0      0       0      0       0      0       0      0      0       0      0      0
 77% 468077      0      0  468100  116180 2027443  2626480      12       0      0     2     74%    0%   0--0--0--0--0--0--0--0    0--0--0--0     15%      23      0      0       0      0       0      0       0      0      0       0      0      0
 78% 480689      0      0  480695  116942 2038755  2699205      24       0      0     2     74%    0%   0--0--0--0--0--0--0--0    0--0--0--0     16%       6      0      0       0      0       0      0       0      0      0       0      0      0
 76% 456666      0      0  456668  113780 1983534  2549456       0       0      0     2     74%    0%   0--0--0--0--0--0--0--0    0--0--0--0     15%       2      0      0       0      0       0      0       0      0      0       0      0      0
 80% 476030      0      0  476034  113330 1980857  2663469      24       0      0     2     74%    0%   0--0--0--0--0--0--0--0    0--0--0--0     17%       4      0      0       0      0       0      0       0      0      0       0      0      0
 82% 474484      0      0  474491  117453 2062073  2661644       0       0      0     2     74%    0%   0--0--0--0--0--0--0--0    0--0--0--0     17%       7      0      0       0      0       0      0       0      0      0       0      0      0
 80% 506827      0      0  506828  122321 2156066  2863044    5840       0      0     2     74%    6%   0--0--0--0--0--0--0--0    0--0--0--0     17%       1      0      0       0      0       0      0       0      0      0       0      0      0
 80% 501337      0      0  501346  122384 2149932  2814064      24       0      0     2     74%    0%   0--0--0--0--0--0--0--0    0--0--0--0     16%       9      0      0       0      0       0      0       0      0      0       0      0      0
 80% 498536      0      0  498536  121905 2143861  2799536       0       0      0     2     74%    0%   0--0--0--0--0--0--0--0    0--0--0--0     16%       0      0      0       0      0       0      0       0      0      0       0      0      0
 80% 512099      0      0  512099  123868 2185896  2865028    7712       0      0     2     74%    6%   0--0--0--0--0--0--0--0    0--0--0--0     19%       0      0      0       0      0       0      0       0      0      0       0      0      0
 79% 495614      0      0  495621  120017 2113248  2765007       0       0      0     2     74%    0%   0--0--0--0--0--0--0--0    0--0--0--0     16%       7      0      0       0      0       0      0       0      0      0       0      0      0
 84% 499727      0      0  499744  120757 2135876  2795189      12       0      0     2     74%    0%   0--0--0--0--0--0--0--0    0--0--0--0     17%      17      0      0       0      0       0      0       0      0      0       0      0      0
 83% 502132      0      0  502138  120889 2135282  2818240      24       0      0     2     74%    0%   0--0--0--0--0--0--0--0    0--0--0--0     17%       6      0      0       0      0       0      0       0      0      0       0      0      0
 80% 504726      0      0  504779  122808 2164803  2842681       0       0      0     2     74%    0%   0--0--0--0--0--0--0--0    0--0--0--0     17%      53      0      0       0      0       0      0       0      0      0       0      0      0
 80% 500843      0      0  501005  121115 2134104  2810434      24       0      0     2     74%    0%   0--0--0--0--0--0--0--0    0--0--0--0     16%     162      0      0       0      0       0      0       0      0      0       0      0      0
 80% 508776      0      0  508803  123548 2179429  2849804       0       0      0     2     74%    0%   0--0--0--0--0--0--0--0    0--0--0--0     17%      27      0      0       0      0       0      0       0      0      0       0      0      0
 81% 502085      0      0  502106  121716 2141478  2804783    2498       0      0     2     74%    7%   0--0--0--0--0--0--0--0    0--0--0--0     17%      21      0      0       0      0       0      0       0      0      0       0      0      0
 CPU    NFS   CIFS   HTTP   Total     Net   kB/s    Disk   kB/s    Tape   kB/s   Cache  Cache    CP           CP_Ty               CP_Ph       Disk   OTHER    FCP  iSCSI     FCP   kB/s   iSCSI   kB/s   NVMeF   kB/s   kB/s   NVMeT   kB/s   kB/s
                                       in    out    read  write    read  write     age    hit  time  [T--H--F--N--B--O--#--:]  [n--v--p--f]   util                            in    out      in    out             in    out             in    out
 84% 501074      0      0  501095  120864 2133111  2794645      24       0      0     2     74%    0%   0--0--0--0--0--0--0--0    0--0--0--0     17%      21      0      0       0      0       0      0       0      0      0       0      0      0
 84% 493202      0      0  493203  122488 2158943  2762705       0       0      0     2     74%    0%   0--0--0--0--0--0--0--0    0--0--0--0     17%       1      0      0       0      0       0      0       0      0      0       0      0      0
 80% 492057      0      0  492059  120898 2126483  2777015    7273       0      0     2     74%    6%   0--0--0--0--0--0--0--0    0--0--0--0     16%       2      0      0       0      0       0      0       0      0      0       0      0      0
 78% 470853      0      0  470878  115316 2018258  2651005       0       0      0     2     74%    0%   0--0--0--0--0--0--0--0    0--0--0--0     15%      25      0      0       0      0       0      0       0      0      0       0      0      0
 80% 482477      0      0  482479  116271 2027562  2699528      12       0      0     2     74%    0%   0--0--0--0--0--0--0--0    0--0--0--0     16%       2      0      0       0      0       0      0       0      0      0       0      0      0
 77% 469317      0      0  469323  111594 1950895  2631616      24       0      0     2     74%    0%   0--0--0--0--0--0--0--0    0--0--0--0     15%       6      0      0       0      0       0      0       0      0      0       0      0      0
 76% 453540      0      0  453543  115188 2018659  2531804       0       0      0     2     74%    0%   0--0--0--0--0--0--0--0    0--0--0--0     14%       3      0      0       0      0       0      0       0      0      0       0      0      0
 83% 487065      0      0  487088  120431 2116751  2728635      24       0      0     2     74%    0%   0--0--0--0--0--0--0--0    0--0--0--0     16%      23      0      0       0      0       0      0       0      0      0       0      0      0
 82% 488423      0      0  488430  118243 2063868  2749012       0       0      0     2     74%    0%   0--0--0--0--0--0--0--0    0--0--0--0     16%       7      0      0       0      0       0      0       0      0      0       0      0      0
 80% 483977      0      0  483987  118104 2059953  2732551    2689       0      0     2     74%    5%   0--0--0--0--0--0--0--0    0--0--0--0     16%      10      0      0       0      0       0      0       0      0      0       0      0      0
 79% 479428      0      0  479437  117857 2056452  2692876      24       0      0     2     74%    0%   0--0--0--0--0--0--0--0    0--0--0--0     15%       9      0      0       0      0       0      0       0      0      0       0      0      0
 79% 485957      0      0  486092  118772 2076076  2721068       0       0      0     2     74%    0%   0--0--0--0--0--0--0--0    0--0--0--0     16%     135      0      0       0      0       0      0       0      0      0       0      0      0
 79% 482304      0      0  482444  118778 2079609  2702154    7712       0      0     2     74%    6%   0--0--0--0--0--0--0--0    0--0--0--0     15%     140      0      0       0      0       0      0       0      0      0       0      0      0
 80% 475986      0      0  476017  117093 2047422  2659868       0       0      0    52s    74%    0%   0--0--0--0--0--0--0--0    0--0--0--0     16%      31      0      0       0      0       0      0       0      0      0       0      0      0
 82% 475726      0      0  475726  116179 2029769  2662989      12       0      0    52s    74%    0%   0--0--0--0--0--0--0--0    0--0--0--0     16%       0      0      0       0      0       0      0       0      0      0       0      0      0
 79% 475626      0      0  475636  117362 2042855  2683384      24       0      0    52s    74%    0%   0--0--0--0--0--0--0--0    0--0--0--0     16%      10      0      0       0      0       0      0       0      0      0       0      0      0
 78% 471375      0      0  471379  116684 2023007  2652759       0       0      0    52s    74%    0%   0--0--0--0--0--0--0--0    0--0--0--0     15%       4      0      0       0      0       0      0       0      0      0       0      0      0
 78% 472315      0      0  472315  115787 2007599  2654605      24       0      0    52s    74%    0%   0--0--0--0--0--0--0--0    0--0--0--0     15%       0      0      0       0      0       0      0       0      0      0       0      0      0
 78% 470513      0      0  470516  116417 2011019  2636268       0       0      0    52s    74%    0%   0--0--0--0--0--0--0--0    0--0--0--0     15%       3      0      0       0      0       0      0       0      0      0       0      0      0
 78% 471966      0      0  471976  117062 2032493  2643401      12       0      0    58s    74%    0%   0--0--0--0--0--0--0--0    0--0--0--0     15%      10      0      0       0      0       0      0       0      0      0       0      0      0
 CPU    NFS   CIFS   HTTP   Total     Net   kB/s    Disk   kB/s    Tape   kB/s   Cache  Cache    CP           CP_Ty               CP_Ph       Disk   OTHER    FCP  iSCSI     FCP   kB/s   iSCSI   kB/s   NVMeF   kB/s   kB/s   NVMeT   kB/s   kB/s
                                       in    out    read  write    read  write     age    hit  time  [T--H--F--N--B--O--#--:]  [n--v--p--f]   util                            in    out      in    out             in    out             in    out
 79% 467948      0      0  467959  115176 1996658  2610400    1652       0      0    52s    74%    4%   0--0--0--0--0--0--0--0    0--0--0--0     15%      11      0      0       0      0       0      0       0      0      0       0      0      0
 82% 463955      0      0  463958  115164 2000110  2593882       0       0      0    52s    74%    0%   0--0--0--0--0--0--0--0    0--0--0--0     16%       3      0      0       0      0       0      0       0      0      0       0      0      0
 80% 465628      0      0  465628  114317 1986593  2631748    7964       0      0    52s    74%    6%   0--0--0--0--0--0--0--0    0--0--0--0     16%       0      0      0       0      0       0      0       0      0      0       0      0      0
 77% 466489      0      0  466507  114405 1981421  2620683       0       0      0    52s    74%    0%   0--0--0--0--0--0--0--0    0--0--0--0     15%      18      0      0       0      0       0      0       0      0      0       0      0      0
 78% 463239      0      0  463251  114941 1988635  2599021      12       0      0    52s    74%    0%   0--0--0--0--0--0--0--0    0--0--0--0     15%      12      0      0       0      0       0      0       0      0      0       0      0      0
 78% 464277      0      0  464284  145934 2471887  2600284      24       0      0    52s    74%    0%   0--0--0--0--0--0--0--0    0--0--0--0     15%       7      0      0       0      0       0      0       0      0      0       0      0      0
 79% 467253      0      0  467364  117532 1995880  2609626       0       0      0    52s    74%    0%   0--0--0--0--0--0--0--0    0--0--0--0     14%     111      0      0       0      0       0      0       0      0      0       0      0      0
 81% 470492      0      0  470600  117626 2012298  2633429      24       0      0    52s    74%    0%   0--0--0--0--0--0--0--0    0--0--0--0     15%     108      0      0       0      0       0      0       0      0      0       0      0      0
 82% 469209      0      0  469209  117052 2005853  2629096       0       0      0    52s    74%    0%   0--0--0--0--0--0--0--0    0--0--0--0     16%       0      0      0       0      0       0      0       0      0      0       0      0      0
 79% 472307      0      0  472317  118499 2022116  2667465      12       0      0    52s    74%    0%   0--0--0--0--0--0--0--0    0--0--0--0     15%      10      0      0       0      0       0      0       0      0      0       0      0      0
 79% 474314      0      0  474323  118872 2028788  2671512    2298       0      0    52s    74%    4%   0--0--0--0--0--0--0--0    0--0--0--0     15%       9      0      0       0      0       0      0       0      0      0       0      0      0
 79% 470989      0      0  470991  119027 2021442  2644196       0       0      0    52s    74%    0%   0--0--0--0--0--0--0--0    0--0--0--0     15%       2      0      0       0      0       0      0       0      0      0       0      0      0
 80% 474757      0      0  474759  119336 2024985  2661646    7768       0      0    52s    74%    6%   0--0--0--0--0--0--0--0    0--0--0--0     15%       2      0      0       0      0       0      0       0      0      0       0      0      0
 79% 473289      0      0  473306  119479 2025630  2647532       0       0      0    52s    74%    0%   0--0--0--0--0--0--0--0    0--0--0--0     15%      17      0      0       0      0       0      0       0      0      0       0      0      0
 82% 472761      0      0  472773  119316 2032743  2642466      12       0      0    46s    74%    0%   0--0--0--0--0--0--0--0    0--0--0--0     15%      12      0      0       0      0       0      0       0      0      0       0      0      0
 83% 472915      0      0  472921  118641 2030145  2659197      24       0      0    46s    74%    0%   0--0--0--0--0--0--0--0    0--0--0--0     16%       6      0      0       0      0       0      0       0      0      0       0      0      0
 79% 469193      0      0  469196  116503 2008122  2644416     400       0      0    46s    74%    0%   0--0--0--0--0--0--0--0    0--0--0--0     16%       3      0      0       0      0       0      0       0      0      0       0      0      0
 80% 479616      0      0  479639  120642 2047242  2701099      24       0      0    46s    74%    0%   0--0--0--0--0--0--0--0    0--0--0--0     15%      23      0      0       0      0       0      0       0      0      0       0      0      0
 78% 473032      0      0  473032  117223 2019812  2660695       0       0      0    46s    74%    0%   0--0--0--0--0--0--0--0    0--0--0--0     15%       0      0      0       0      0       0      0       0      0      0       0      0      0
 80% 477480      0      0  477492  120181 2037095  2667496      12       0      0    46s    74%    0%   0--0--0--0--0--0--0--0    0--0--0--0     15%      12      0      0       0      0       0      0       0      0      0       0      0      0
 CPU    NFS   CIFS   HTTP   Total     Net   kB/s    Disk   kB/s    Tape   kB/s   Cache  Cache    CP           CP_Ty               CP_Ph       Disk   OTHER    FCP  iSCSI     FCP   kB/s   iSCSI   kB/s   NVMeF   kB/s   kB/s   NVMeT   kB/s   kB/s
                                       in    out    read  write    read  write     age    hit  time  [T--H--F--N--B--O--#--:]  [n--v--p--f]   util                            in    out      in    out             in    out             in    out
 79% 471000      0      0  471009  119261 2017051  2636320    2246       0      0    52s    74%    5%   0--0--0--0--0--0--0--0    0--0--0--0     15%       9      0      0       0      0       0      0       0      0      0       0      0      0
 84% 479008      0      0  479160  121114 2046628  2680499       0       0      0    52s    74%    0%   0--0--0--0--0--0--0--0    0--0--0--0     16%     152      0      0       0      0       0      0       0      0      0       0      0      0
 84% 474709      0      0  474808  119853 2031710  2675216    7436       0      0    52s    74%    6%   0--0--0--0--0--0--0--0    0--0--0--0     16%      99      0      0       0      0       0      0       0      0      0       0      0      0
 81% 480641      0      0  480656  122284 2061180  2712452       0       0      0    52s    74%    0%   0--0--0--0--0--0--0--0    0--0--0--0     16%      15      0      0       0      0       0      0       0      0      0       0      0      0
 80% 478849      0      0  479741  122418 2054555  2698370      12       0      0    52s    74%    0%   0--0--0--0--0--0--0--0    0--0--0--0     15%     892      0      0       0      0       0      0       0      0      0       0      0      0
 81% 485023      0      0  485032  122583 2070866  2726050      24       0      0    52s    74%    0%   0--0--0--0--0--0--0--0    0--0--0--0     15%       9      0      0       0      0       0      0       0      0      0       0      0      0
 79% 474977      0      0  474977  118967 2034861  2656687       0       0      0    52s    74%    0%   0--0--0--0--0--0--0--0    0--0--0--0     15%       0      0      0       0      0       0      0       0      0      0       0      0      0
 80% 473171      0      0  473171  120918 2041577  2641786      24       0      0    52s    74%    0%   0--0--0--0--0--0--0--0    0--0--0--0     15%       0      0      0       0      0       0      0       0      0      0       0      0      0
 84% 481504      0      0  481508  119783 2036871  2697039       0       0      0    52s    74%    0%   0--0--0--0--0--0--0--0    0--0--0--0     16%       4      0      0       0      0       0      0       0      0      0       0      0      0
 82% 480149      0      0  480156  120945 2057855  2704356      12       0      0    52s    74%    0%   0--0--0--0--0--0--0--0    0--0--0--0     16%       7      0      0       0      0       0      0       0      0      0       0      0      0
 80% 480939      0      0  480945  122049 2061410  2712036    2498       0      0    52s    74%    5%   0--0--0--0--0--0--0--0    0--0--0--0     15%       6      0      0       0      0       0      0       0      0      0       0      0      0
 80% 482436      0      0  482439  121638 2054581  2715948       0       0      0    52s    74%    0%   0--0--0--0--0--0--0--0    0--0--0--0     15%       3      0      0       0      0       0      0       0      0      0       0      0      0
 79% 476714      0      0  476714  121174 2054149  2670589     236       0      0    52s    74%    3%   1--0--0--0--0--0--0--0    0--0--1--0     15%       0      0      0       0      0       0      0       0      0      0       0      0      0
 81% 478494      0      0  478509  120195 2036697  2686961    7109       0      0    52s    74%    2%   0--0--0--0--0--0--0--0    0--0--0--0     15%      15      0      0       0      0       0      0       0      0      0       0      0      0
 82% 484621      0      0  484633  123139 2073760  2705830      12       0      0    52s    74%    0%   0--0--0--0--0--0--0--0    0--0--0--0     16%      12      0      0       0      0       0      0       0      0      0       0      0      0
 84% 480655      0      0  480661  121252 2059281  2694717      24       0      0    52s    74%    0%   0--0--0--0--0--0--0--0    0--0--0--0     16%       6      0      0       0      0       0      0       0      0      0       0      0      0
 82% 483859      0      0  484070  121975 2061680  2729630       0       0      0    52s    74%    0%   0--0--0--0--0--0--0--0    0--0--0--0     16%     211      0      0       0      0       0      0       0      0      0       0      0      0
 81% 485565      0      0  485568  122455 2069624  2736966      24       0      0    52s    74%    0%   0--0--0--0--0--0--0--0    0--0--0--0     16%       3      0      0       0      0       0      0       0      0      0       0      0      0
 81% 486361      0      0  486361  124057 2081528  2730128       0       0      0    52s    74%    0%   0--0--0--0--0--0--0--0    0--0--0--0     15%       0      0      0       0      0       0      0       0      0      0       0      0      0
 81% 485139      0      0  485150  123871 2076757  2722561      12       0      0    52s    74%    0%   0--0--0--0--0--0--0--0    0--0--0--0     15%      11      0      0       0      0       0      0       0      0      0       0      0      0
 CPU    NFS   CIFS   HTTP   Total     Net   kB/s    Disk   kB/s    Tape   kB/s   Cache  Cache    CP           CP_Ty               CP_Ph       Disk   OTHER    FCP  iSCSI     FCP   kB/s   iSCSI   kB/s   NVMeF   kB/s   kB/s   NVMeT   kB/s   kB/s
                                       in    out    read  write    read  write     age    hit  time  [T--H--F--N--B--O--#--:]  [n--v--p--f]   util                            in    out      in    out             in    out             in    out
 80% 482388      0      0  482397  122272 2063278  2695221    1754       0      0    52s    74%    5%   0--0--0--0--0--0--0--0    0--0--0--0     15%       9      0      0       0      0       0      0       0      0      0       0      0      0
 84% 481695      0      0  481697  122197 2059602  2700319       0       0      0    52s    74%    0%   0--0--0--0--0--0--0--0    0--0--0--0     16%       2      0      0       0      0       0      0       0      0      0       0      0      0
 85% 475834      0      0  475837  122682 2076043  2671944      24       0      0    52s    74%    0%   0--0--0--0--0--0--0--0    0--0--0--0     17%       3      0      0       0      0       0      0       0      0      0       0      0      0
 81% 485573      0      0  485591  120868 2045229  2744336    7608       0      0    52s    74%    3%   0--0--0--0--0--0--0--0    0--0--0--0     16%      18      0      0       0      0       0      0       0      0      0       0      0      0
 81% 481025      0      0  481033  121965 2058789  2705842      12       0      0    52s    74%    0%   0--0--0--0--0--0--0--0    0--0--0--0     16%       8      0      0       0      0       0      0       0      0      0       0      0      0
 81% 478313      0      0  478325  122097 2061326  2689964      24       0      0    52s    74%    0%   0--0--0--0--0--0--0--0    0--0--0--0     16%      12      0      0       0      0       0      0       0      0      0       0      0      0
 83% 484658      0      0  484662  123229 2053984  2711332       0       0      0    52s    74%    0%   0--0--0--0--0--0--0--0    0--0--0--0     16%       4      0      0       0      0       0      0       0      0      0       0      0      0
 83% 482869      0      0  482894  126452 2065621  2700208      24       0      0    53s    74%    0%   0--0--0--0--0--0--0--0    0--0--0--0     15%      25      0      0       0      0       0      0       0      0      0       0      0      0
 86% 485950      0      0  485950  126399 2069878  2719597       0       0      0    53s    74%    0%   0--0--0--0--0--0--0--0    0--0--0--0     16%       0      0      0       0      0       0      0       0      0      0       0      0      0
 85% 486885      0      0  486898  127558 2082890  2742768      12       0      0    53s    74%    0%   0--0--0--0--0--0--0--0    0--0--0--0     16%      13      0      0       0      0       0      0       0      0      0       0      0      0
 82% 477499      0      0  477505  127301 2077970  2696639    1701       0      0    53s    74%    7%   0--0--0--0--0--0--0--0    0--0--0--0     15%       6      0      0       0      0       0      0       0      0      0       0      0      0
 83% 482306      0      0  482559  122615 2026667  2704184       0       0      0    53s    74%    0%   0--0--0--0--0--0--0--0    0--0--0--0     16%     253      0      0       0      0       0      0       0      0      0       0      0      0
 82% 482436      0      0  482439  122771 2059543  2700168      24       0      0    53s    74%    0%   0--0--0--0--0--0--0--0    0--0--0--0     16%       3      0      0       0      0       0      0       0      0      0       0      0      0
 80% 476914      0      0  476930  120497 2041363  2671748    7888       0      0    53s    74%    6%   0--0--0--0--0--0--0--0    0--0--0--0     16%      16      0      0       0      0       0      0       0      0      0       0      0      0
 83% 486025      0      0  486036  123712 2079180  2712360      12       0      0    53s    74%    0%   0--0--0--0--0--0--0--0    0--0--0--0     16%      11      0      0       0      0       0      0       0      0      0       0      0      0
 85% 482204      0      0  482214  122315 2065525  2697255      24       0      0    53s    74%    0%   0--0--0--0--0--0--0--0    0--0--0--0     17%      10      0      0       0      0       0      0       0      0      0       0      0      0
 83% 477645      0      0  477645  121073 2039271  2690494       0       0      0    53s    74%    0%   0--0--0--0--0--0--0--0    0--0--0--0     16%       0      0      0       0      0       0      0       0      0      0       0      0      0
 81% 481995      0      0  481995  122492 2060747  2715285      24       0      0    53s    74%    0%   0--0--0--0--0--0--0--0    0--0--0--0     16%       0      0      0       0      0       0      0       0      0      0       0      0      0
 81% 476713      0      0  476716  121699 2053309  2673522       0       0      0    53s    74%    0%   0--0--0--0--0--0--0--0    0--0--0--0     15%       3      0      0       0      0       0      0       0      0      0       0      0      0
 81% 480056      0      0  480061  122205 2050693  2687704      12       0      0    53s    74%    0%   0--0--0--0--0--0--0--0    0--0--0--0     15%       5      0      0       0      0       0      0       0      0      0       0      0      0
 CPU    NFS   CIFS   HTTP   Total     Net   kB/s    Disk   kB/s    Tape   kB/s   Cache  Cache    CP           CP_Ty               CP_Ph       Disk   OTHER    FCP  iSCSI     FCP   kB/s   iSCSI   kB/s   NVMeF   kB/s   kB/s   NVMeT   kB/s   kB/s
                                       in    out    read  write    read  write     age    hit  time  [T--H--F--N--B--O--#--:]  [n--v--p--f]   util                            in    out      in    out             in    out             in    out
 81% 477085      0      0  477091  121782 2034627  2665455      24       0      0    53s    74%    0%   0--0--0--0--0--0--0--0    0--0--0--0     15%       6      0      0       0      0       0      0       0      0      0       0      0      0
 84% 474431      0      0  474439  121821 2032700  2651345    1578       0      0    52s    74%    6%   0--0--0--0--0--0--0--0    0--0--0--0     16%       8      0      0       0      0       0      0       0      0      0       0      0      0
 85% 477134      0      0  477134  123214 2055538  2682114      24       0      0    52s    74%    0%   0--0--0--0--0--0--0--0    0--0--0--0     16%       0      0      0       0      0       0      0       0      0      0       0      0      0
 81% 473236      0      0  473250  119769 2014542  2681127    7552       0      0    52s    74%    7%   0--0--0--0--0--0--0--0    0--0--0--0     16%      14      0      0       0      0       0      0       0      0      0       0      0      0
 82% 479432      0      0  479441  122911 2045181  2696336      12       0      0    52s    74%    0%   0--0--0--0--0--0--0--0    0--0--0--0     16%       9      0      0       0      0       0      0       0      0      0       0      0      0
 81% 472498      0      0  472505  122014 2021985  2650577      24       0      0    52s    74%    0%   0--0--0--0--0--0--0--0    0--0--0--0     15%       7      0      0       0      0       0      0       0      0      0       0      0      0
 81% 473157      0      0  474668  121490 2027613  2646917       0       0      0    52s    74%    0%   0--0--0--0--0--0--0--0    0--0--0--0     15%    1511      0      0       0      0       0      0       0      0      0       0      0      0
 78% 458587      0      0  458591  112640 1967474  2562096      24       0      0    53s    74%    0%   0--0--0--0--0--0--0--0    0--0--0--0     15%       4      0      0       0      0       0      0       0      0      0       0      0      0
 82% 466822      0      0  466822  114641 1987678  2607036       0       0      0    52s    74%    0%   0--0--0--0--0--0--0--0    0--0--0--0     16%       0      0      0       0      0       0      0       0      0      0       0      0      0
 81% 455042      0      0  455049  114856 1989676  2553271      12       0      0    52s    74%    0%   0--0--0--0--0--0--0--0    0--0--0--0     16%       7      0      0       0      0       0      0       0      0      0       0      0      0
 46% 210431      0      0  210440   58515 1001020  1185534      24       0      0    52s    74%    0%   0--0--0--0--0--0--0--0    0--0--0--0      6%       9      0      0       0      0       0      0       0      0      0       0      0      0
 43% 187339      0      0  187341   48533 804755  1060583    1746       0      0    52s    74%    2%   0--0--0--0--0--0--0--0    0--0--0--0      6%       2      0      0       0      0       0      0       0      0      0       0      0      0
 46% 214376      0      0  214376   54145 888256  1208903      24       0      0    52s    74%    0%   0--0--0--0--0--0--0--0    0--0--0--0      7%       0      0      0       0      0       0      0       0      0      0       0      0      0
 50% 241598      0      0  241616   60789 1004184  1362861    7616       0      0    52s    74%    3%   0--0--0--0--0--0--0--0    0--0--0--0      7%      18      0      0       0      0       0      0       0      0      0       0      0      0
 62% 349247      0      0  349307   82718 1396700  1962254      12       0      0    52s    74%    0%   0--0--0--0--0--0--0--0    0--0--0--0     11%      60      0      0       0      0       0      0       0      0      0       0      0      0
 81% 530102      0      0  530134  124890 2158616  2968028      24       0      0    52s    74%    0%   0--0--0--0--0--0--0--0    0--0--0--0     17%      32      0      0       0      0       0      0       0      0      0       0      0      0
 87% 584264      0      0  584291  144219 2514258  3258501       0       0      0    54s    74%    0%   0--0--0--0--0--0--0--0    0--0--0--0     20%      27      0      0       0      0       0      0       0      0      0       0      0      0
 89% 563681      0      0  563729  138029 2426201  3146752      24       0      0    54s    74%    0%   0--0--0--0--0--0--0--0    0--0--0--0     20%      48      0      0       0      0       0      0       0      0      0       0      0      0
 90% 574862      0      0  574886  136474 2441965  3225167       0       0      0    54s    74%    0%   0--0--0--0--0--0--0--0    0--0--0--0     21%      24      0      0       0      0       0      0       0      0      0       0      0      0
 87% 579346      0      0  579378  138678 2475408  3258010      12       0      0    54s    74%    0%   0--0--0--0--0--0--0--0    0--0--0--0     20%      32      0      0       0      0       0      0       0      0      0       0      0      0
 CPU    NFS   CIFS   HTTP   Total     Net   kB/s    Disk   kB/s    Tape   kB/s   Cache  Cache    CP           CP_Ty               CP_Ph       Disk   OTHER    FCP  iSCSI     FCP   kB/s   iSCSI   kB/s   NVMeF   kB/s   kB/s   NVMeT   kB/s   kB/s
                                       in    out    read  write    read  write     age    hit  time  [T--H--F--N--B--O--#--:]  [n--v--p--f]   util                            in    out      in    out             in    out             in    out
 86% 568153      0      0  568188  136810 2433671  3192735      24       0      0    54s    74%    0%   0--0--0--0--0--0--0--0    0--0--0--0     20%      35      0      0       0      0       0      0       0      0      0       0      0      0
 86% 559199      0      0  559462  136475 2418693  3128507    2274       0      0    54s    74%    5%   0--0--0--0--0--0--0--0    0--0--0--0     19%     263      0      0       0      0       0      0       0      0      0       0      0      0
 85% 523553      0      0  523577  130131 2284964  2925605      24       0      0    48s    74%    0%   0--0--0--0--0--0--0--0    0--0--0--0     18%      24      0      0       0      0       0      0       0      0      0       0      0      0
 87% 508308      0      0  508338  124221 2168897  2850512    7088       0      0    48s    74%    7%   0--0--0--0--0--0--0--0    0--0--0--0     21%      30      0      0       0      0       0      0       0      0      0       0      0      0
 84% 496292      0      0  497198  126369 2191380  2798106      12       0      0    48s    74%    0%   0--0--0--0--0--0--0--0    0--0--0--0     17%     906      0      0       0      0       0      0       0      0      0       0      0      0
 83% 505843      0      0  505863  122347 2091209  2842350      24       0      0    48s    74%    0%   0--0--0--0--0--0--0--0    0--0--0--0     18%      20      0      0       0      0       0      0       0      0      0       0      0      0
 83% 507937      0      0  507955  125377 2165253  2857874       0       0      0    48s    74%    0%   0--0--0--0--0--0--0--0    0--0--0--0     17%      18      0      0       0      0       0      0       0      0      0       0      0      0
 83% 507782      0      0  507796  126977 2184673  2840400      24       0      0    48s    74%    0%   0--0--0--0--0--0--0--0    0--0--0--0     17%      14      0      0       0      0       0      0       0      0      0       0      0      0
 83% 508789      0      0  508802  125641 2158624  2844216       0       0      0    53s    74%    0%   0--0--0--0--0--0--0--0    0--0--0--0     17%      13      0      0       0      0       0      0       0      0      0       0      0      0
 86% 506642      0      0  506655  126642 2176828  2832555      12       0      0    53s    74%    0%   0--0--0--0--0--0--0--0    0--0--0--0     17%      13      0      0       0      0       0      0       0      0      0       0      0      0
 86% 483890      0      0  483896  122963 2079574  2716459      24       0      0    53s    74%    0%   0--0--0--0--0--0--0--0    0--0--0--0     17%       6      0      0       0      0       0      0       0      0      0       0      0      0
 82% 481577      0      0  481577  121612 2050803  2713059    2454       0      0    53s    74%    5%   0--0--0--0--0--0--0--0    0--0--0--0     16%       0      0      0       0      0       0      0       0      0      0       0      0      0
 82% 483690      0      0  483693  123483 2072579  2716851      32       0      0    53s    74%    0%   0--0--0--0--0--0--0--0    0--0--0--0     16%       3      0      0       0      0       0      0       0      0      0       0      0      0
 82% 480087      0      0  480102  122406 2054068  2699077    6757       0      0    53s    74%    6%   0--0--0--0--0--0--0--0    0--0--0--0     16%      15      0      0       0      0       0      0       0      0      0       0      0      0
 82% 488861      0      0  488870  122945 2077710  2732420      12       0      0    53s    74%    0%   0--0--0--0--0--0--0--0    0--0--0--0     16%       9      0      0       0      0       0      0       0      0      0       0      0      0
 84% 481888      0      0  481897  124786 2080367  2692076      24       0      0    53s    74%    0%   0--0--0--0--0--0--0--0    0--0--0--0     16%       9      0      0       0      0       0      0       0      0      0       0      0      0
 86% 478653      0      0  478864  123776 2073314  2679242       0       0      0    53s    74%    0%   0--0--0--0--0--0--0--0    0--0--0--0     16%     211      0      0       0      0       0      0       0      0      0       0      0      0
 84% 488234      0      0  488234  123369 2067472  2755245      24       0      0    53s    74%    0%   0--0--0--0--0--0--0--0    0--0--0--0     16%       0      0      0       0      0       0      0       0      0      0       0      0      0
 82% 480613      0      0  480625  123451 2065036  2700704       0       0      0    53s    74%    0%   0--0--0--0--0--0--0--0    0--0--0--0     17%      12      0      0       0      0       0      0       0      0      0       0      0      0
 83% 488561      0      0  488571  124851 2079390  2743489      12       0      0    53s    74%    0%   0--0--0--0--0--0--0--0    0--0--0--0     16%      10      0      0       0      0       0      0       0      0      0       0      0      0
 CPU    NFS   CIFS   HTTP   Total     Net   kB/s    Disk   kB/s    Tape   kB/s   Cache  Cache    CP           CP_Ty               CP_Ph       Disk   OTHER    FCP  iSCSI     FCP   kB/s   iSCSI   kB/s   NVMeF   kB/s   kB/s   NVMeT   kB/s   kB/s
                                       in    out    read  write    read  write     age    hit  time  [T--H--F--N--B--O--#--:]  [n--v--p--f]   util                            in    out      in    out             in    out             in    out
 83% 487068      0      0  487086  125472 2079874  2734877      24       0      0    53s    74%    0%   0--0--0--0--0--0--0--0    0--0--0--0     16%      18      0      0       0      0       0      0       0      0      0       0      0      0
 82% 482899      0      0  482903  123663 2066989  2699285       0       0      0    53s    74%    0%   1--0--0--0--0--0--0--0    1--0--0--0     16%       4      0      0       0      0       0      0       0      0      0       0      0      0
 84% 487703      0      0  487704  125330 2084165  2718176    2220       0      0    54s    74%    7%   0--0--0--0--0--0--0--0    0--0--0--0     16%       1      0      0       0      0       0      0       0      0      0       0      0      0
 86% 484801      0      0  484815  123978 2074684  2720563    7660       0      0    54s    74%    8%   0--0--0--0--0--0--0--0    0--0--0--0     18%      14      0      0       0      0       0      0       0      0      0       0      0      0
 85% 480855      0      0  480867  123186 2060352  2708867      12       0      0    54s    74%    0%   0--0--0--0--0--0--0--0    0--0--0--0     16%      12      0      0       0      0       0      0       0      0      0       0      0      0
 84% 480172      0      0  480181  123601 2047160  2696340      24       0      0    54s    74%    0%   0--0--0--0--0--0--0--0    0--0--0--0     16%       9      0      0       0      0       0      0       0      0      0       0      0      0
 83% 471708      0      0  471708  123129 2026279  2646837       0       0      0    54s    74%    0%   0--0--0--0--0--0--0--0    0--0--0--0     15%       0      0      0       0      0       0      0       0      0      0       0      0      0
 82% 462668      0      0  462695  122646 2014476  2585674      24       0      0    54s    74%    0%   0--0--0--0--0--0--0--0    0--0--0--0     15%      27      0      0       0      0       0      0       0      0      0       0      0      0
 83% 479734      0      0  479737  120306 2007423  2678422       0       0      0    53s    74%    0%   0--0--0--0--0--0--0--0    0--0--0--0     16%       3      0      0       0      0       0      0       0      0      0       0      0      0
 85% 470129      0      0  470137  122272 2012577  2627772      12       0      0    53s    74%    0%   0--0--0--0--0--0--0--0    0--0--0--0     16%       8      0      0       0      0       0      0       0      0      0       0      0      0
 86% 470511      0      0  470520  122391 2018459  2646066      24       0      0    53s    74%    0%   0--0--0--0--0--0--0--0    0--0--0--0     16%       9      0      0       0      0       0      0       0      0      0       0      0      0
 83% 470731      0      0  470976  123005 2008792  2650094       0       0      0    53s    74%    0%   0--0--0--0--0--0--0--0    0--0--0--0     15%     245      0      0       0      0       0      0       0      0      0       0      0      0
 82% 470157      0      0  470159  123119 2010155  2645491    2294       0      0    53s    74%    7%   0--0--0--0--0--0--0--0    0--0--0--0     15%       2      0      0       0      0       0      0       0      0      0       0      0      0
 83% 467777      0      0  467800  123853 2020853  2623536    6913       0      0    53s    74%    9%   0--0--0--0--0--0--0--0    0--0--0--0     18%      23      0      0       0      0       0      0       0      0      0       0      0      0
 83% 469496      0      0  469500  122812 2005592  2622925      12       0      0    53s    74%    0%   0--0--0--0--0--0--0--0    0--0--0--0     15%       4      0      0       0      0       0      0       0      0      0       0      0      0
 82% 468250      0      0  468259  123258 2012865  2613657      24       0      0    54s    74%    0%   0--0--0--0--0--0--0--0    0--0--0--0     15%       9      0      0       0      0       0      0       0      0      0       0      0      0
 86% 472148      0      0  472151  121193 2004867  2638660       0       0      0    54s    74%    0%   0--0--0--0--0--0--0--0    0--0--0--0     16%       3      0      0       0      0       0      0       0      0      0       0      0      0
 85% 468901      0      0  468901  122211 2006955  2639693      24       0      0    54s    74%    0%   0--0--0--0--0--0--0--0    0--0--0--0     16%       0      0      0       0      0       0      0       0      0      0       0      0      0
 82% 465013      0      0  465013  122677 2010475  2621199       0       0      0    54s    74%    0%   0--0--0--0--0--0--0--0    0--0--0--0     16%       0      0      0       0      0       0      0       0      0      0       0      0      0
 79% 463068      0      0  463081  118823 2010777  2608104      12       0      0    54s    74%    0%   0--0--0--0--0--0--0--0    0--0--0--0     16%      13      0      0       0      0       0      0       0      0      0       0      0      0
 CPU    NFS   CIFS   HTTP   Total     Net   kB/s    Disk   kB/s    Tape   kB/s   Cache  Cache    CP           CP_Ty               CP_Ph       Disk   OTHER    FCP  iSCSI     FCP   kB/s   iSCSI   kB/s   NVMeF   kB/s   kB/s   NVMeT   kB/s   kB/s
                                       in    out    read  write    read  write     age    hit  time  [T--H--F--N--B--O--#--:]  [n--v--p--f]   util                            in    out      in    out             in    out             in    out
 82% 480313      0      0  480319  121146 2008879  2684619      24       0      0    54s    74%    0%   0--0--0--0--0--0--0--0    0--0--0--0     16%       6      0      0       0      0       0      0       0      0      0       0      0      0
 83% 469698      0      0  469698  123965 2010158  2629263       0       0      0    54s    74%    0%   0--0--0--0--0--0--0--0    0--0--0--0     15%       0      0      0       0      0       0      0       0      0      0       0      0      0
 81% 462016      0      0  462024  121576 2001561  2582829    1930       0      0    54s    74%    6%   0--0--0--0--0--0--0--0    0--0--0--0     15%       8      0      0       0      0       0      0       0      0      0       0      0      0
 85% 479012      0      0  479026  120963 2015893  2682663    7285       0      0    54s    74%   10%   0--0--0--0--0--0--0--0    0--0--0--0     16%      14      0      0       0      0       0      0       0      0      0       0      0      0
 85% 469361      0      0  469366  121937 2009056  2637822      12       0      0    54s    74%    0%   0--0--0--0--0--0--0--0    0--0--0--0     16%       5      0      0       0      0       0      0       0      0      0       0      0      0
 81% 458317      0      0  458328  148076 2447952  2579744      24       0      0    54s    74%    0%   0--0--0--0--0--0--0--0    0--0--0--0     15%      11      0      0       0      0       0      0       0      0      0       0      0      0
 81% 478454      0      0  478677  118340 2043048  2685590       0       0      0    54s    74%    0%   0--0--0--0--0--0--0--0    0--0--0--0     16%     223      0      0       0      0       0      0       0      0      0       0      0      0
 81% 469131      0      0  469131  116946 2004547  2634294      24       0      0    54s    74%    0%   0--0--0--0--0--0--0--0    0--0--0--0     16%       0      0      0       0      0       0      0       0      0      0       0      0      0
 82% 472451      0      0  472455  121605 2008620  2639780       0       0      0    54s    74%    0%   0--0--0--0--0--0--0--0    0--0--0--0     15%       4      0      0       0      0       0      0       0      0      0       0      0      0
 83% 471474      0      0  471478  123887 2029144  2630008      12       0      0    52s    74%    0%   0--0--0--0--0--0--0--0    0--0--0--0     15%       4      0      0       0      0       0      0       0      0      0       0      0      0
 86% 469485      0      0  469499  120929 2002474  2628767      24       0      0    52s    74%    0%   0--0--0--0--0--0--0--0    0--0--0--0     16%      14      0      0       0      0       0      0       0      0      0       0      0      0

Last login time: 12/21/2024 13:34:42

